[2026-07-31 11:03:41] === PAPER live DOGE/USDT:USDT 4h | equity $10,000.00 | k1.5 activate2.0R risk2% ===
[2026-07-31 11:03:41] ERROR:
Traceback (most recent call last):
  File "/opt/hostedtoolcache/Python/3.12.13/x64/lib/python3.12/site-packages/ccxt/base/exchange.py", line 649, in fetch
    response.raise_for_status()
  File "/opt/hostedtoolcache/Python/3.12.13/x64/lib/python3.12/site-packages/requests/models.py", line 1167, in raise_for_status
    raise HTTPError(http_error_msg, response=self)
requests.exceptions.HTTPError: 403 Client Error: Forbidden for url: https://api.bybit.com/v5/market/instruments-info?category=spot

During handling of the above exception, another exception occurred:

Traceback (most recent call last):
  File "/home/runner/work/paper-bot/paper-bot/paper_trader.py", line 118, in main
    df = fetch_df(ex, symbol, args.tf)
         ^^^^^^^^^^^^^^^^^^^^^^^^^^^^^
  File "/home/runner/work/paper-bot/paper-bot/paper_trader.py", line 34, in fetch_df
    o = ex.fetch_ohlcv(symbol, tf, limit=limit)
        ^^^^^^^^^^^^^^^^^^^^^^^^^^^^^^^^^^^^^^^
  File "/opt/hostedtoolcache/Python/3.12.13/x64/lib/python3.12/site-packages/ccxt/bybit.py", line 2699, in fetch_ohlcv
    self.load_markets()
  File "/opt/hostedtoolcache/Python/3.12.13/x64/lib/python3.12/site-packages/ccxt/base/exchange.py", line 1888, in load_markets
    markets = self.fetch_markets(params)
              ^^^^^^^^^^^^^^^^^^^^^^^^^^
  File "/opt/hostedtoolcache/Python/3.12.13/x64/lib/python3.12/site-packages/ccxt/bybit.py", line 1887, in fetch_markets
    promisesUnresolved.append(self.fetch_spot_markets(params))
                              ^^^^^^^^^^^^^^^^^^^^^^^^^^^^^^^
  File "/opt/hostedtoolcache/Python/3.12.13/x64/lib/python3.12/site-packages/ccxt/bybit.py", line 1926, in fetch_spot_markets
    response = self.publicGetV5MarketInstrumentsInfo(self.extend(request, params))
               ^^^^^^^^^^^^^^^^^^^^^^^^^^^^^^^^^^^^^^^^^^^^^^^^^^^^^^^^^^^^^^^^^^^
  File "/opt/hostedtoolcache/Python/3.12.13/x64/lib/python3.12/site-packages/ccxt/base/types.py", line 35, in unbound_method
    return _self.request(self.path, self.api, self.method, params, config=self.config)
           ^^^^^^^^^^^^^^^^^^^^^^^^^^^^^^^^^^^^^^^^^^^^^^^^^^^^^^^^^^^^^^^^^^^^^^^^^^^
  File "/opt/hostedtoolcache/Python/3.12.13/x64/lib/python3.12/site-packages/ccxt/base/exchange.py", line 5620, in request
    return self.fetch2(path, api, method, params, headers, body, config)
           ^^^^^^^^^^^^^^^^^^^^^^^^^^^^^^^^^^^^^^^^^^^^^^^^^^^^^^^^^^^^^
  File "/opt/hostedtoolcache/Python/3.12.13/x64/lib/python3.12/site-packages/ccxt/base/exchange.py", line 5614, in fetch2
    raise e
  File "/opt/hostedtoolcache/Python/3.12.13/x64/lib/python3.12/site-packages/ccxt/base/exchange.py", line 5597, in fetch2
    response = self.fetch(request['url'], request['method'], request['headers'], request['body'])
               ^^^^^^^^^^^^^^^^^^^^^^^^^^^^^^^^^^^^^^^^^^^^^^^^^^^^^^^^^^^^^^^^^^^^^^^^^^^^^^^^^^
  File "/opt/hostedtoolcache/Python/3.12.13/x64/lib/python3.12/site-packages/ccxt/base/exchange.py", line 667, in fetch
    self.handle_http_status_code(http_status_code, http_status_text, url, method, http_response)
  File "/opt/hostedtoolcache/Python/3.12.13/x64/lib/python3.12/site-packages/ccxt/base/exchange.py", line 2065, in handle_http_status_code
    raise ErrorClass(self.id + ' ' + method + ' ' + url + ' ' + codeAsString + ' ' + reason + ' ' + body)
ccxt.base.errors.RateLimitExceeded: bybit GET https://api.bybit.com/v5/market/instruments-info?category=spot 403 Forbidden {
    error:The Amazon CloudFront distribution is configured to block access from your country
}

